// Jest Snapshot v1, https://goo.gl/fbAQLP

exports[`VisibilityComponent is rendering 1`] = `null`;
